<?xml version="1.0" encoding="UTF-8"?>
<testsuites name="Mocha Tests" time="0.009" tests="6" failures="1">
  <testsuite name="Root Suite" timestamp="2024-10-22T09:48:54" tests="0" time="0.000" failures="0">
  </testsuite>
  <testsuite name="Password Generator Tests" timestamp="2024-10-22T09:48:54" tests="6" file="C:\Users\ASUS\web-technology-mid-test-joiszszsz\test\test.js" time="0.008" failures="1">
    <testcase name="Password Generator Tests should generate a password of the specified length" time="0.002" classname="should generate a password of the specified length">
    </testcase>
    <testcase name="Password Generator Tests should contain uppercase letters if selected" time="0.000" classname="should contain uppercase letters if selected">
    </testcase>
    <testcase name="Password Generator Tests should contain lowercase letters if selected" time="0.000" classname="should contain lowercase letters if selected">
      <failure message="At least one character type must be selected." type="Error"><![CDATA[Error: At least one character type must be selected.
    at generatePassword (file:///C:/Users/ASUS/web-technology-mid-test-joiszszsz/script.js:19:15)
    at Context.<anonymous> (file:///C:/Users/ASUS/web-technology-mid-test-joiszszsz/test/test.js:41:26)
    at process.processImmediate (node:internal/timers:511:21)]]></failure>
    </testcase>
    <testcase name="Password Generator Tests should contain numbers if selected" time="0.000" classname="should contain numbers if selected">
    </testcase>
    <testcase name="Password Generator Tests should contain special characters if selected" time="0.000" classname="should contain special characters if selected">
    </testcase>
    <testcase name="Password Generator Tests should throw an error if no character type is selected" time="0.001" classname="should throw an error if no character type is selected">
    </testcase>
  </testsuite>
</testsuites>